{"synthetic": false,
 "schemaVersion": "2025-09-10",
 "outputs": null,
 "log":
 [{"message":
   ".> ELAN=elan ELAN_HOME=/home/runner/.elan ELAN_TOOLCHAIN=leanprover/lean4:v4.27.0 LAKE=/home/runner/.elan/toolchains/leanprover--lean4---v4.27.0/bin/lake LAKE_HOME=/home/runner/.elan/toolchains/leanprover--lean4---v4.27.0 LAKE_PKG_URL_MAP={} LAKE_NO_CACHE=false LAKE_ARTIFACT_CACHE=false LAKE_CACHE_KEY= LAKE_CACHE_ARTIFACT_ENDPOINT= LAKE_CACHE_REVISION_ENDPOINT= LEAN=/home/runner/.elan/toolchains/leanprover--lean4---v4.27.0/bin/lean LEAN_SYSROOT=/home/runner/.elan/toolchains/leanprover--lean4---v4.27.0 LEAN_AR=/home/runner/.elan/toolchains/leanprover--lean4---v4.27.0/bin/llvm-ar LEAN_CC= LAKE_CACHE_DIR=/home/runner/.elan/toolchains/leanprover--lean4---v4.27.0/lake/cache LEAN_PATH=/home/runner/work/AllegroInLean/AllegroInLean/.lake/packages/MD4Lean/.lake/build/lib/lean:/home/runner/work/AllegroInLean/AllegroInLean/.lake/packages/BibtexQuery/.lake/build/lib/lean:/home/runner/work/AllegroInLean/AllegroInLean/.lake/packages/UnicodeBasic/.lake/build/lib/lean:/home/runner/work/AllegroInLean/AllegroInLean/.lake/packages/Cli/.lake/build/lib/lean:/home/runner/work/AllegroInLean/AllegroInLean/.lake/build/lib/lean:/home/runner/work/AllegroInLean/AllegroInLean/.lake/packages/doc-gen4/.lake/build/lib/lean:/home/runner/work/AllegroInLean/AllegroInLean/docbuild/.lake/build/lib/lean:/home/runner/.elan/toolchains/leanprover--lean4---v4.27.0/lib/lean LEAN_SRC_PATH=/home/runner/work/AllegroInLean/AllegroInLean/.lake/packages/MD4Lean:/home/runner/work/AllegroInLean/AllegroInLean/.lake/packages/MD4Lean:/home/runner/work/AllegroInLean/AllegroInLean/.lake/packages/BibtexQuery:/home/runner/work/AllegroInLean/AllegroInLean/.lake/packages/UnicodeBasic:/home/runner/work/AllegroInLean/AllegroInLean/.lake/packages/UnicodeBasic:/home/runner/work/AllegroInLean/AllegroInLean/.lake/packages/Cli:/home/runner/work/AllegroInLean/AllegroInLean/.lake/packages/Cli:/home/runner/work/AllegroInLean/AllegroInLean/src:/home/runner/work/AllegroInLean/AllegroInLean/tests:/home/runner/work/AllegroInLean/AllegroInLean/.lake/packages/doc-gen4:/home/runner/.elan/toolchains/leanprover--lean4---v4.27.0/src/lean/lake LEAN_GITHASH=db93fe1608548721853390a10cd40580fe7d22ae PATH LD_LIBRARY_PATH=/home/runner/.elan/toolchains/leanprover--lean4---v4.27.0/lib/lean:/home/runner/.elan/toolchains/leanprover--lean4---v4.27.0/lib:/home/runner/work/AllegroInLean/AllegroInLean/docbuild/.lake/build/lib:/home/runner/work/AllegroInLean/AllegroInLean/.lake/packages/doc-gen4/.lake/build/lib:/home/runner/work/AllegroInLean/AllegroInLean/.lake/build/lib:/home/runner/work/AllegroInLean/AllegroInLean/.lake/packages/Cli/.lake/build/lib:/home/runner/work/AllegroInLean/AllegroInLean/.lake/packages/UnicodeBasic/.lake/build/lib:/home/runner/work/AllegroInLean/AllegroInLean/.lake/packages/BibtexQuery/.lake/build/lib:/home/runner/work/AllegroInLean/AllegroInLean/.lake/packages/MD4Lean/.lake/build/lib /home/runner/work/AllegroInLean/AllegroInLean/.lake/packages/doc-gen4/.lake/build/bin/doc-gen4 single --build /home/runner/work/AllegroInLean/AllegroInLean/docbuild/.lake/build Allegro https://github.com/pawelsberg/AllegroInLean/blob/e1282385b0ed485250e51358a773015115c331f9/src/Allegro.lean",
   "level": "trace"}],
 "inputs":
 [["<collection>",
   [["/home/runner/work/AllegroInLean/AllegroInLean/docbuild/.lake/build/doc/Allegro/Core.html",
     "b2381703eb802895"],
    ["/home/runner/work/AllegroInLean/AllegroInLean/docbuild/.lake/build/doc/Allegro/Addons.html",
     "4a91f642ff1d2091"],
    ["/home/runner/work/AllegroInLean/AllegroInLean/docbuild/.lake/build/doc/Allegro/Resource.html",
     "042bbb19cec72365"],
    ["/home/runner/work/AllegroInLean/AllegroInLean/docbuild/.lake/build/doc/Allegro/Compat.html",
     "0dec424e3d780e19"],
    ["/home/runner/work/AllegroInLean/AllegroInLean/docbuild/.lake/build/doc/Allegro/Math.html",
     "0ee92bfd230176de"],
    ["/home/runner/work/AllegroInLean/AllegroInLean/docbuild/.lake/build/doc/Allegro/Vec2.html",
     "dfac5baf90af236a"],
    ["/home/runner/work/AllegroInLean/AllegroInLean/docbuild/.lake/build/doc/Allegro/GameLoop.html",
     "3f47b221f651d6a0"]]],
  ["/home/runner/work/AllegroInLean/AllegroInLean/docbuild/.lake/build/doc-data/references.json",
   "a50f2257f35adb49"],
  ["/home/runner/work/AllegroInLean/AllegroInLean/.lake/packages/doc-gen4/.lake/build/bin/doc-gen4",
   "7cd32cdca2db7c0e"],
  ["Allegro:leanArts", "e1a465a652628061"]],
 "depHash": "c96e7f9db060487a"}