{"synthetic": false,
 "schemaVersion": "2025-09-10",
 "outputs": null,
 "log":
 [{"message": "Documentation indexing", "level": "info"},
  {"message":
   ".> /home/runner/work/AllegroInLean/AllegroInLean/.lake/packages/doc-gen4/.lake/build/bin/doc-gen4 index --build /home/runner/work/AllegroInLean/AllegroInLean/docbuild/.lake/build",
   "level": "trace"}],
 "inputs":
 [["/home/runner/work/AllegroInLean/AllegroInLean/.lake/packages/doc-gen4/.lake/build/bin/doc-gen4",
   "7cd32cdca2db7c0e"],
  ["<nil>", "7b9f5ff346c3f45f"],
  ["<collection>",
   [["/home/runner/work/AllegroInLean/AllegroInLean/docbuild/.lake/build/doc/Allegro/Core/System.html",
     "5b6b56de52fda49a"],
    ["/home/runner/work/AllegroInLean/AllegroInLean/docbuild/.lake/build/doc/Allegro/Core/Display.html",
     "6cc02ae8d6a0b849"],
    ["/home/runner/work/AllegroInLean/AllegroInLean/docbuild/.lake/build/doc/Allegro/Core/Blending.html",
     "046de5ab3232c99f"],
    ["/home/runner/work/AllegroInLean/AllegroInLean/docbuild/.lake/build/doc/Allegro/Core/Bitmap.html",
     "621b086ca94739b0"],
    ["/home/runner/work/AllegroInLean/AllegroInLean/docbuild/.lake/build/doc/Allegro/Core/Input.html",
     "f40551c29c80e234"],
    ["/home/runner/work/AllegroInLean/AllegroInLean/docbuild/.lake/build/doc/Allegro/Core/Events.html",
     "d73583ba2530272c"],
    ["/home/runner/work/AllegroInLean/AllegroInLean/docbuild/.lake/build/doc/Allegro/Core/Timer.html",
     "bc3748e16ae731bb"],
    ["/home/runner/work/AllegroInLean/AllegroInLean/docbuild/.lake/build/doc/Allegro/Core/Path.html",
     "dd50d56a48cb3781"],
    ["/home/runner/work/AllegroInLean/AllegroInLean/docbuild/.lake/build/doc/Allegro/Core/Ustr.html",
     "8a1a1497c75d6248"],
    ["/home/runner/work/AllegroInLean/AllegroInLean/docbuild/.lake/build/doc/Allegro/Core/Transforms.html",
     "6f3348f5d8111813"],
    ["/home/runner/work/AllegroInLean/AllegroInLean/docbuild/.lake/build/doc/Allegro/Core/Joystick.html",
     "069fb3f8408bdd61"],
    ["/home/runner/work/AllegroInLean/AllegroInLean/docbuild/.lake/build/doc/Allegro/Core/Touch.html",
     "a477c05b6cf00897"],
    ["/home/runner/work/AllegroInLean/AllegroInLean/docbuild/.lake/build/doc/Allegro/Core/Config.html",
     "bceb97637ed79fc4"],
    ["/home/runner/work/AllegroInLean/AllegroInLean/docbuild/.lake/build/doc/Allegro/Core/Thread.html",
     "5f15c76cb85cb926"],
    ["/home/runner/work/AllegroInLean/AllegroInLean/docbuild/.lake/build/doc/Allegro/Core/File.html",
     "1570200212afd06f"],
    ["/home/runner/work/AllegroInLean/AllegroInLean/docbuild/.lake/build/doc/Allegro/Core/Filesystem.html",
     "bf96d5574bd05a33"],
    ["/home/runner/work/AllegroInLean/AllegroInLean/docbuild/.lake/build/doc/Allegro/Core/Shader.html",
     "095760cc6c0c5865"],
    ["/home/runner/work/AllegroInLean/AllegroInLean/docbuild/.lake/build/doc/Allegro/Core/Haptic.html",
     "e040e5043d4c8071"],
    ["/home/runner/work/AllegroInLean/AllegroInLean/docbuild/.lake/build/doc/Allegro/Core.html",
     "b2381703eb802895"],
    ["/home/runner/work/AllegroInLean/AllegroInLean/docbuild/.lake/build/doc/Allegro/Addons/Image.html",
     "be0bb93b8187c304"],
    ["/home/runner/work/AllegroInLean/AllegroInLean/docbuild/.lake/build/doc/Allegro/Addons/Font.html",
     "981ae8d25aee0da4"],
    ["/home/runner/work/AllegroInLean/AllegroInLean/docbuild/.lake/build/doc/Allegro/Addons/Ttf.html",
     "34ebd01403c459a5"],
    ["/home/runner/work/AllegroInLean/AllegroInLean/docbuild/.lake/build/doc/Allegro/Addons/Primitives.html",
     "aa970cb16ca16a4d"],
    ["/home/runner/work/AllegroInLean/AllegroInLean/docbuild/.lake/build/doc/Allegro/Addons/Audio.html",
     "cf62268ceef717bb"],
    ["/home/runner/work/AllegroInLean/AllegroInLean/docbuild/.lake/build/doc/Allegro/Addons/Color.html",
     "4c3ac4f726ddc6e3"],
    ["/home/runner/work/AllegroInLean/AllegroInLean/docbuild/.lake/build/doc/Allegro/Addons/NativeDialog.html",
     "8b66dfd534f3bf51"],
    ["/home/runner/work/AllegroInLean/AllegroInLean/docbuild/.lake/build/doc/Allegro/Addons/Video.html",
     "51ea9645eb016d2e"],
    ["/home/runner/work/AllegroInLean/AllegroInLean/docbuild/.lake/build/doc/Allegro/Addons/Memfile.html",
     "e0b65fd3660ffce2"],
    ["/home/runner/work/AllegroInLean/AllegroInLean/docbuild/.lake/build/doc/Allegro/Addons.html",
     "4a91f642ff1d2091"],
    ["/home/runner/work/AllegroInLean/AllegroInLean/docbuild/.lake/build/doc/Allegro/Resource.html",
     "042bbb19cec72365"],
    ["/home/runner/work/AllegroInLean/AllegroInLean/docbuild/.lake/build/doc/Allegro/Compat.html",
     "0dec424e3d780e19"],
    ["/home/runner/work/AllegroInLean/AllegroInLean/docbuild/.lake/build/doc/Allegro/Math.html",
     "0ee92bfd230176de"],
    ["/home/runner/work/AllegroInLean/AllegroInLean/docbuild/.lake/build/doc/Allegro/Vec2.html",
     "dfac5baf90af236a"],
    ["/home/runner/work/AllegroInLean/AllegroInLean/docbuild/.lake/build/doc/Allegro/GameLoop.html",
     "3f47b221f651d6a0"],
    ["/home/runner/work/AllegroInLean/AllegroInLean/docbuild/.lake/build/doc/Allegro.html",
     "73b749cb459185b9"]]]],
 "depHash": "8caec248973262d6"}