{"synthetic": false,
 "schemaVersion": "2025-09-10",
 "outputs": null,
 "log":
 [{"message":
   ".> ELAN=elan ELAN_HOME=/home/runner/.elan ELAN_TOOLCHAIN=leanprover/lean4:v4.27.0 LAKE=/home/runner/.elan/toolchains/leanprover--lean4---v4.27.0/bin/lake LAKE_HOME=/home/runner/.elan/toolchains/leanprover--lean4---v4.27.0 LAKE_PKG_URL_MAP={} LAKE_NO_CACHE=false LAKE_ARTIFACT_CACHE=false LAKE_CACHE_KEY= LAKE_CACHE_ARTIFACT_ENDPOINT= LAKE_CACHE_REVISION_ENDPOINT= LEAN=/home/runner/.elan/toolchains/leanprover--lean4---v4.27.0/bin/lean LEAN_SYSROOT=/home/runner/.elan/toolchains/leanprover--lean4---v4.27.0 LEAN_AR=/home/runner/.elan/toolchains/leanprover--lean4---v4.27.0/bin/llvm-ar LEAN_CC= LAKE_CACHE_DIR=/home/runner/.elan/toolchains/leanprover--lean4---v4.27.0/lake/cache LEAN_PATH=/home/runner/work/AllegroInLean/AllegroInLean/.lake/packages/MD4Lean/.lake/build/lib/lean:/home/runner/work/AllegroInLean/AllegroInLean/.lake/packages/BibtexQuery/.lake/build/lib/lean:/home/runner/work/AllegroInLean/AllegroInLean/.lake/packages/UnicodeBasic/.lake/build/lib/lean:/home/runner/work/AllegroInLean/AllegroInLean/.lake/packages/Cli/.lake/build/lib/lean:/home/runner/work/AllegroInLean/AllegroInLean/.lake/build/lib/lean:/home/runner/work/AllegroInLean/AllegroInLean/.lake/packages/doc-gen4/.lake/build/lib/lean:/home/runner/work/AllegroInLean/AllegroInLean/docbuild/.lake/build/lib/lean:/home/runner/.elan/toolchains/leanprover--lean4---v4.27.0/lib/lean LEAN_SRC_PATH=/home/runner/work/AllegroInLean/AllegroInLean/.lake/packages/MD4Lean:/home/runner/work/AllegroInLean/AllegroInLean/.lake/packages/MD4Lean:/home/runner/work/AllegroInLean/AllegroInLean/.lake/packages/BibtexQuery:/home/runner/work/AllegroInLean/AllegroInLean/.lake/packages/UnicodeBasic:/home/runner/work/AllegroInLean/AllegroInLean/.lake/packages/UnicodeBasic:/home/runner/work/AllegroInLean/AllegroInLean/.lake/packages/Cli:/home/runner/work/AllegroInLean/AllegroInLean/.lake/packages/Cli:/home/runner/work/AllegroInLean/AllegroInLean/src:/home/runner/work/AllegroInLean/AllegroInLean/tests:/home/runner/work/AllegroInLean/AllegroInLean/.lake/packages/doc-gen4:/home/runner/.elan/toolchains/leanprover--lean4---v4.27.0/src/lean/lake LEAN_GITHASH=db93fe1608548721853390a10cd40580fe7d22ae PATH LD_LIBRARY_PATH=/home/runner/.elan/toolchains/leanprover--lean4---v4.27.0/lib/lean:/home/runner/.elan/toolchains/leanprover--lean4---v4.27.0/lib:/home/runner/work/AllegroInLean/AllegroInLean/docbuild/.lake/build/lib:/home/runner/work/AllegroInLean/AllegroInLean/.lake/packages/doc-gen4/.lake/build/lib:/home/runner/work/AllegroInLean/AllegroInLean/.lake/build/lib:/home/runner/work/AllegroInLean/AllegroInLean/.lake/packages/Cli/.lake/build/lib:/home/runner/work/AllegroInLean/AllegroInLean/.lake/packages/UnicodeBasic/.lake/build/lib:/home/runner/work/AllegroInLean/AllegroInLean/.lake/packages/BibtexQuery/.lake/build/lib:/home/runner/work/AllegroInLean/AllegroInLean/.lake/packages/MD4Lean/.lake/build/lib /home/runner/work/AllegroInLean/AllegroInLean/.lake/packages/doc-gen4/.lake/build/bin/doc-gen4 single --build /home/runner/work/AllegroInLean/AllegroInLean/docbuild/.lake/build Allegro.Addons https://github.com/pawelsberg/AllegroInLean/blob/e1282385b0ed485250e51358a773015115c331f9/src/Allegro/Addons.lean",
   "level": "trace"}],
 "inputs":
 [["<collection>",
   [["/home/runner/work/AllegroInLean/AllegroInLean/docbuild/.lake/build/doc/Allegro/Addons/Image.html",
     "be0bb93b8187c304"],
    ["/home/runner/work/AllegroInLean/AllegroInLean/docbuild/.lake/build/doc/Allegro/Addons/Font.html",
     "981ae8d25aee0da4"],
    ["/home/runner/work/AllegroInLean/AllegroInLean/docbuild/.lake/build/doc/Allegro/Addons/Ttf.html",
     "34ebd01403c459a5"],
    ["/home/runner/work/AllegroInLean/AllegroInLean/docbuild/.lake/build/doc/Allegro/Addons/Primitives.html",
     "aa970cb16ca16a4d"],
    ["/home/runner/work/AllegroInLean/AllegroInLean/docbuild/.lake/build/doc/Allegro/Addons/Audio.html",
     "cf62268ceef717bb"],
    ["/home/runner/work/AllegroInLean/AllegroInLean/docbuild/.lake/build/doc/Allegro/Addons/Color.html",
     "4c3ac4f726ddc6e3"],
    ["/home/runner/work/AllegroInLean/AllegroInLean/docbuild/.lake/build/doc/Allegro/Addons/NativeDialog.html",
     "8b66dfd534f3bf51"],
    ["/home/runner/work/AllegroInLean/AllegroInLean/docbuild/.lake/build/doc/Allegro/Addons/Video.html",
     "51ea9645eb016d2e"],
    ["/home/runner/work/AllegroInLean/AllegroInLean/docbuild/.lake/build/doc/Allegro/Addons/Memfile.html",
     "e0b65fd3660ffce2"]]],
  ["/home/runner/work/AllegroInLean/AllegroInLean/docbuild/.lake/build/doc-data/references.json",
   "a50f2257f35adb49"],
  ["/home/runner/work/AllegroInLean/AllegroInLean/.lake/packages/doc-gen4/.lake/build/bin/doc-gen4",
   "7cd32cdca2db7c0e"],
  ["Allegro.Addons:leanArts", "628dd77f5d154949"]],
 "depHash": "4aa07b44783bf030"}