{"synthetic": false,
 "schemaVersion": "2025-09-10",
 "outputs": null,
 "log":
 [{"message":
   ".> ELAN=elan ELAN_HOME=/home/runner/.elan ELAN_TOOLCHAIN=leanprover/lean4:v4.27.0 LAKE=/home/runner/.elan/toolchains/leanprover--lean4---v4.27.0/bin/lake LAKE_HOME=/home/runner/.elan/toolchains/leanprover--lean4---v4.27.0 LAKE_PKG_URL_MAP={} LAKE_NO_CACHE=false LAKE_ARTIFACT_CACHE=false LAKE_CACHE_KEY= LAKE_CACHE_ARTIFACT_ENDPOINT= LAKE_CACHE_REVISION_ENDPOINT= LEAN=/home/runner/.elan/toolchains/leanprover--lean4---v4.27.0/bin/lean LEAN_SYSROOT=/home/runner/.elan/toolchains/leanprover--lean4---v4.27.0 LEAN_AR=/home/runner/.elan/toolchains/leanprover--lean4---v4.27.0/bin/llvm-ar LEAN_CC= LAKE_CACHE_DIR=/home/runner/.elan/toolchains/leanprover--lean4---v4.27.0/lake/cache LEAN_PATH=/home/runner/work/AllegroInLean/AllegroInLean/.lake/packages/MD4Lean/.lake/build/lib/lean:/home/runner/work/AllegroInLean/AllegroInLean/.lake/packages/BibtexQuery/.lake/build/lib/lean:/home/runner/work/AllegroInLean/AllegroInLean/.lake/packages/UnicodeBasic/.lake/build/lib/lean:/home/runner/work/AllegroInLean/AllegroInLean/.lake/packages/Cli/.lake/build/lib/lean:/home/runner/work/AllegroInLean/AllegroInLean/.lake/build/lib/lean:/home/runner/work/AllegroInLean/AllegroInLean/.lake/packages/doc-gen4/.lake/build/lib/lean:/home/runner/work/AllegroInLean/AllegroInLean/docbuild/.lake/build/lib/lean:/home/runner/.elan/toolchains/leanprover--lean4---v4.27.0/lib/lean LEAN_SRC_PATH=/home/runner/work/AllegroInLean/AllegroInLean/.lake/packages/MD4Lean:/home/runner/work/AllegroInLean/AllegroInLean/.lake/packages/MD4Lean:/home/runner/work/AllegroInLean/AllegroInLean/.lake/packages/BibtexQuery:/home/runner/work/AllegroInLean/AllegroInLean/.lake/packages/UnicodeBasic:/home/runner/work/AllegroInLean/AllegroInLean/.lake/packages/UnicodeBasic:/home/runner/work/AllegroInLean/AllegroInLean/.lake/packages/Cli:/home/runner/work/AllegroInLean/AllegroInLean/.lake/packages/Cli:/home/runner/work/AllegroInLean/AllegroInLean/src:/home/runner/work/AllegroInLean/AllegroInLean/tests:/home/runner/work/AllegroInLean/AllegroInLean/.lake/packages/doc-gen4:/home/runner/.elan/toolchains/leanprover--lean4---v4.27.0/src/lean/lake LEAN_GITHASH=db93fe1608548721853390a10cd40580fe7d22ae PATH LD_LIBRARY_PATH=/home/runner/.elan/toolchains/leanprover--lean4---v4.27.0/lib/lean:/home/runner/.elan/toolchains/leanprover--lean4---v4.27.0/lib:/home/runner/work/AllegroInLean/AllegroInLean/docbuild/.lake/build/lib:/home/runner/work/AllegroInLean/AllegroInLean/.lake/packages/doc-gen4/.lake/build/lib:/home/runner/work/AllegroInLean/AllegroInLean/.lake/build/lib:/home/runner/work/AllegroInLean/AllegroInLean/.lake/packages/Cli/.lake/build/lib:/home/runner/work/AllegroInLean/AllegroInLean/.lake/packages/UnicodeBasic/.lake/build/lib:/home/runner/work/AllegroInLean/AllegroInLean/.lake/packages/BibtexQuery/.lake/build/lib:/home/runner/work/AllegroInLean/AllegroInLean/.lake/packages/MD4Lean/.lake/build/lib /home/runner/work/AllegroInLean/AllegroInLean/.lake/packages/doc-gen4/.lake/build/bin/doc-gen4 single --build /home/runner/work/AllegroInLean/AllegroInLean/docbuild/.lake/build Allegro.Core https://github.com/pawelsberg/AllegroInLean/blob/e1282385b0ed485250e51358a773015115c331f9/src/Allegro/Core.lean",
   "level": "trace"}],
 "inputs":
 [["<collection>",
   [["/home/runner/work/AllegroInLean/AllegroInLean/docbuild/.lake/build/doc/Allegro/Core/System.html",
     "5b6b56de52fda49a"],
    ["/home/runner/work/AllegroInLean/AllegroInLean/docbuild/.lake/build/doc/Allegro/Core/Display.html",
     "6cc02ae8d6a0b849"],
    ["/home/runner/work/AllegroInLean/AllegroInLean/docbuild/.lake/build/doc/Allegro/Core/Bitmap.html",
     "621b086ca94739b0"],
    ["/home/runner/work/AllegroInLean/AllegroInLean/docbuild/.lake/build/doc/Allegro/Core/Events.html",
     "d73583ba2530272c"],
    ["/home/runner/work/AllegroInLean/AllegroInLean/docbuild/.lake/build/doc/Allegro/Core/Input.html",
     "f40551c29c80e234"],
    ["/home/runner/work/AllegroInLean/AllegroInLean/docbuild/.lake/build/doc/Allegro/Core/Timer.html",
     "bc3748e16ae731bb"],
    ["/home/runner/work/AllegroInLean/AllegroInLean/docbuild/.lake/build/doc/Allegro/Core/Path.html",
     "dd50d56a48cb3781"],
    ["/home/runner/work/AllegroInLean/AllegroInLean/docbuild/.lake/build/doc/Allegro/Core/Ustr.html",
     "8a1a1497c75d6248"],
    ["/home/runner/work/AllegroInLean/AllegroInLean/docbuild/.lake/build/doc/Allegro/Core/Transforms.html",
     "6f3348f5d8111813"],
    ["/home/runner/work/AllegroInLean/AllegroInLean/docbuild/.lake/build/doc/Allegro/Core/Blending.html",
     "046de5ab3232c99f"],
    ["/home/runner/work/AllegroInLean/AllegroInLean/docbuild/.lake/build/doc/Allegro/Core/Joystick.html",
     "069fb3f8408bdd61"],
    ["/home/runner/work/AllegroInLean/AllegroInLean/docbuild/.lake/build/doc/Allegro/Core/Touch.html",
     "a477c05b6cf00897"],
    ["/home/runner/work/AllegroInLean/AllegroInLean/docbuild/.lake/build/doc/Allegro/Core/Config.html",
     "bceb97637ed79fc4"],
    ["/home/runner/work/AllegroInLean/AllegroInLean/docbuild/.lake/build/doc/Allegro/Core/Thread.html",
     "5f15c76cb85cb926"],
    ["/home/runner/work/AllegroInLean/AllegroInLean/docbuild/.lake/build/doc/Allegro/Core/File.html",
     "1570200212afd06f"],
    ["/home/runner/work/AllegroInLean/AllegroInLean/docbuild/.lake/build/doc/Allegro/Core/Filesystem.html",
     "bf96d5574bd05a33"],
    ["/home/runner/work/AllegroInLean/AllegroInLean/docbuild/.lake/build/doc/Allegro/Core/Shader.html",
     "095760cc6c0c5865"],
    ["/home/runner/work/AllegroInLean/AllegroInLean/docbuild/.lake/build/doc/Allegro/Core/Haptic.html",
     "e040e5043d4c8071"]]],
  ["/home/runner/work/AllegroInLean/AllegroInLean/docbuild/.lake/build/doc-data/references.json",
   "a50f2257f35adb49"],
  ["/home/runner/work/AllegroInLean/AllegroInLean/.lake/packages/doc-gen4/.lake/build/bin/doc-gen4",
   "7cd32cdca2db7c0e"],
  ["Allegro.Core:leanArts", "940753b9a0f1f888"]],
 "depHash": "50ad4cebfe2d88b0"}